// Jest Snapshot v1, https://goo.gl/fbAQLP

exports[`Should render Not Found Page Correctly 1`] = `
<div>
  Dashboard Page Content
</div>
`;
