// Jest Snapshot v1, https://goo.gl/fbAQLP

exports[`Should render Not Found Page Correctly 1`] = `
<div>
  <p>
    404 This Page can't be found
  </p>
  <Link
    to="/"
  >
    Go Home
  </Link>
</div>
`;
